分类: 📺央视频道, 名称: CCTV-2, 有效: 5, IPv4: 5, IPv6: 0, 最小延迟: 116 ms, 最高速率: 8.40 M/s, 平均速率: 7.74 M/s, 最高分辨率: 1920x1080, 平均帧率: 未知, 视频编解码器: 未知, 音频编解码器: 未知
分类: 📺央视频道, 名称: CCTV-3, 有效: 5, IPv4: 5, IPv6: 0, 最小延迟: 142 ms, 最高速率: 7.35 M/s, 平均速率: 7.04 M/s, 最高分辨率: 1920x1080, 平均帧率: 未知, 视频编解码器: 未知, 音频编解码器: 未知
分类: 📺央视频道, 名称: CCTV-1, 有效: 4, IPv4: 5, IPv6: 0, 最小延迟: 328 ms, 最高速率: 12.14 M/s, 平均速率: 9.15 M/s, 最高分辨率: 1920x1080, 平均帧率: 未知, 视频编解码器: 未知, 音频编解码器: 未知
分类: 📺央视频道, 名称: CCTV-4, 有效: 5, IPv4: 5, IPv6: 0, 最小延迟: 146 ms, 最高速率: 9.64 M/s, 平均速率: 6.63 M/s, 最高分辨率: 1920x1080, 平均帧率: 未知, 视频编解码器: 未知, 音频编解码器: 未知
分类: 📺央视频道, 名称: CCTV-5, 有效: 5, IPv4: 5, IPv6: 0, 最小延迟: 138 ms, 最高速率: 7.55 M/s, 平均速率: 7.27 M/s, 最高分辨率: 1920x1080, 平均帧率: 未知, 视频编解码器: 未知, 音频编解码器: 未知
分类: 📺央视频道, 名称: CCTV-6, 有效: 5, IPv4: 5, IPv6: 0, 最小延迟: 130 ms, 最高速率: 8.08 M/s, 平均速率: 7.58 M/s, 最高分辨率: 1920x1080, 平均帧率: 未知, 视频编解码器: 未知, 音频编解码器: 未知
分类: 📺央视频道, 名称: CCTV-8, 有效: 5, IPv4: 5, IPv6: 0, 最小延迟: 117 ms, 最高速率: 8.50 M/s, 平均速率: 7.71 M/s, 最高分辨率: 1920x1080, 平均帧率: 未知, 视频编解码器: 未知, 音频编解码器: 未知
分类: 📺央视频道, 名称: CCTV-9, 有效: 5, IPv4: 5, IPv6: 0, 最小延迟: 137 ms, 最高速率: 12.66 M/s, 平均速率: 9.52 M/s, 最高分辨率: 1920x1080, 平均帧率: 未知, 视频编解码器: 未知, 音频编解码器: 未知
分类: 📺央视频道, 名称: CCTV-10, 有效: 5, IPv4: 5, IPv6: 0, 最小延迟: 120 ms, 最高速率: 7.90 M/s, 平均速率: 7.20 M/s, 最高分辨率: 1920x1080, 平均帧率: 未知, 视频编解码器: 未知, 音频编解码器: 未知
分类: 📺央视频道, 名称: CCTV-7, 有效: 5, IPv4: 5, IPv6: 0, 最小延迟: 123 ms, 最高速率: 7.32 M/s, 平均速率: 5.86 M/s, 最高分辨率: 1920x1080, 平均帧率: 未知, 视频编解码器: 未知, 音频编解码器: 未知
分类: 📺央视频道, 名称: CCTV-11, 有效: 5, IPv4: 5, IPv6: 0, 最小延迟: 121 ms, 最高速率: 8.00 M/s, 平均速率: 7.20 M/s, 最高分辨率: 1920x1080, 平均帧率: 未知, 视频编解码器: 未知, 音频编解码器: 未知
分类: 📺央视频道, 名称: CCTV-13, 有效: 5, IPv4: 5, IPv6: 0, 最小延迟: 134 ms, 最高速率: 8.23 M/s, 平均速率: 7.41 M/s, 最高分辨率: 1920x1080, 平均帧率: 未知, 视频编解码器: 未知, 音频编解码器: 未知
分类: 📺央视频道, 名称: CCTV-12, 有效: 5, IPv4: 5, IPv6: 0, 最小延迟: 115 ms, 最高速率: 8.89 M/s, 平均速率: 5.32 M/s, 最高分辨率: 1920x1080, 平均帧率: 未知, 视频编解码器: 未知, 音频编解码器: 未知
分类: 📺央视频道, 名称: CCTV-14, 有效: 5, IPv4: 5, IPv6: 0, 最小延迟: 121 ms, 最高速率: 7.60 M/s, 平均速率: 7.25 M/s, 最高分辨率: 1920x1080, 平均帧率: 未知, 视频编解码器: 未知, 音频编解码器: 未知
分类: 📺央视频道, 名称: CCTV-15, 有效: 5, IPv4: 5, IPv6: 0, 最小延迟: 127 ms, 最高速率: 7.88 M/s, 平均速率: 7.34 M/s, 最高分辨率: 1920x1080, 平均帧率: 未知, 视频编解码器: 未知, 音频编解码器: 未知
分类: 📺央视频道, 名称: CCTV-16, 有效: 5, IPv4: 5, IPv6: 0, 最小延迟: 137 ms, 最高速率: 9.15 M/s, 平均速率: 7.18 M/s, 最高分辨率: 1920x1080, 平均帧率: 未知, 视频编解码器: 未知, 音频编解码器: 未知
分类: 📺央视频道, 名称: CCTV-17, 有效: 5, IPv4: 5, IPv6: 0, 最小延迟: 131 ms, 最高速率: 8.23 M/s, 平均速率: 7.23 M/s, 最高分辨率: 1920x1080, 平均帧率: 未知, 视频编解码器: 未知, 音频编解码器: 未知
分类: 📺央视频道, 名称: CETV-2, 有效: 2, IPv4: 2, IPv6: 0, 最小延迟: 131 ms, 最高速率: 8.30 M/s, 平均速率: 8.00 M/s, 最高分辨率: 1920x1080, 平均帧率: 未知, 视频编解码器: 未知, 音频编解码器: 未知
分类: 📺央视频道, 名称: CETV-1, 有效: 2, IPv4: 2, IPv6: 0, 最小延迟: 137 ms, 最高速率: 7.74 M/s, 平均速率: 7.47 M/s, 最高分辨率: 1920x1080, 平均帧率: 未知, 视频编解码器: 未知, 音频编解码器: 未知
分类: 💰央视付费频道, 名称: 文化精品, 有效: 2, IPv4: 2, IPv6: 0, 最小延迟: 332 ms, 最高速率: 12.17 M/s, 平均速率: 11.72 M/s, 最高分辨率: 1920x1080, 平均帧率: 未知, 视频编解码器: 未知, 音频编解码器: 未知
分类: 💰央视付费频道, 名称: 风云音乐, 有效: 1, IPv4: 1, IPv6: 0, 最小延迟: 409 ms, 最高速率: 9.89 M/s, 平均速率: 9.89 M/s, 最高分辨率: 1920x1080, 平均帧率: 未知, 视频编解码器: 未知, 音频编解码器: 未知
分类: 💰央视付费频道, 名称: 第一剧场, 有效: 1, IPv4: 1, IPv6: 0, 最小延迟: 424 ms, 最高速率: 8.56 M/s, 平均速率: 8.56 M/s, 最高分辨率: 1920x1080, 平均帧率: 未知, 视频编解码器: 未知, 音频编解码器: 未知
分类: 💰央视付费频道, 名称: 风云剧场, 有效: 1, IPv4: 1, IPv6: 0, 最小延迟: 389 ms, 最高速率: 10.40 M/s, 平均速率: 10.40 M/s, 最高分辨率: 1920x1080, 平均帧率: 未知, 视频编解码器: 未知, 音频编解码器: 未知
分类: 💰央视付费频道, 名称: 央视台球, 有效: 1, IPv4: 1, IPv6: 0, 最小延迟: 1016 ms, 最高速率: 5.21 M/s, 平均速率: 5.21 M/s, 最高分辨率: 1920x1080, 平均帧率: 未知, 视频编解码器: 未知, 音频编解码器: 未知
分类: 💰央视付费频道, 名称: 怀旧剧场, 有效: 1, IPv4: 1, IPv6: 0, 最小延迟: 565 ms, 最高速率: 9.17 M/s, 平均速率: 9.17 M/s, 最高分辨率: 1920x1080, 平均帧率: 未知, 视频编解码器: 未知, 音频编解码器: 未知
分类: 💰央视付费频道, 名称: 高尔夫网球, 有效: 1, IPv4: 1, IPv6: 0, 最小延迟: 416 ms, 最高速率: 8.94 M/s, 平均速率: 8.94 M/s, 最高分辨率: 1920x1080, 平均帧率: 未知, 视频编解码器: 未知, 音频编解码器: 未知
分类: 💰央视付费频道, 名称: 女性时尚, 有效: 1, IPv4: 1, IPv6: 0, 最小延迟: 752 ms, 最高速率: 7.32 M/s, 平均速率: 7.32 M/s, 最高分辨率: 1920x1080, 平均帧率: 未知, 视频编解码器: 未知, 音频编解码器: 未知
分类: 💰央视付费频道, 名称: 电视指南, 有效: 1, IPv4: 1, IPv6: 0, 最小延迟: 542 ms, 最高速率: 8.38 M/s, 平均速率: 8.38 M/s, 最高分辨率: 1920x1080, 平均帧率: 未知, 视频编解码器: 未知, 音频编解码器: 未知
分类: 💰央视付费频道, 名称: 风云足球, 有效: 1, IPv4: 1, IPv6: 0, 最小延迟: 670 ms, 最高速率: 6.89 M/s, 平均速率: 6.89 M/s, 最高分辨率: 1920x1080, 平均帧率: 未知, 视频编解码器: 未知, 音频编解码器: 未知
分类: 💰央视付费频道, 名称: 世界地理, 有效: 1, IPv4: 1, IPv6: 0, 最小延迟: 360 ms, 最高速率: 13.10 M/s, 平均速率: 13.10 M/s, 最高分辨率: 1920x1080, 平均帧率: 未知, 视频编解码器: 未知, 音频编解码器: 未知
分类: 💰央视付费频道, 名称: 兵器科技, 有效: 1, IPv4: 1, IPv6: 0, 最小延迟: 1549 ms, 最高速率: 2.43 M/s, 平均速率: 2.43 M/s, 最高分辨率: 1920x1080, 平均帧率: 未知, 视频编解码器: 未知, 音频编解码器: 未知
分类: 📺央视频道, 名称: CCTV-5+, 有效: 4, IPv4: 4, IPv6: 0, 最小延迟: 326 ms, 最高速率: 11.19 M/s, 平均速率: 6.60 M/s, 最高分辨率: 1920x1080, 平均帧率: 未知, 视频编解码器: 未知, 音频编解码器: 未知
分类: ☘️广东频道, 名称: 深圳卫视, 有效: 5, IPv4: 5, IPv6: 0, 最小延迟: 118 ms, 最高速率: 10.83 M/s, 平均速率: 8.65 M/s, 最高分辨率: 1920x1080, 平均帧率: 未知, 视频编解码器: 未知, 音频编解码器: 未知
分类: ☘️广东频道, 名称: 广州综合, 有效: 1, IPv4: 1, IPv6: 0, 最小延迟: 1375 ms, 最高速率: 0.51 M/s, 平均速率: 0.51 M/s, 最高分辨率: 1280x720, 平均帧率: 未知, 视频编解码器: 未知, 音频编解码器: 未知
分类: 🌊港·澳·台, 名称: 翡翠台, 有效: 0, IPv4: 1, IPv6: 0, 最小延迟: -1 ms, 最高速率: 0.00 M/s, 平均速率: 0.00 M/s, 最高分辨率: None, 平均帧率: 未知, 视频编解码器: 未知, 音频编解码器: 未知
分类: ☘️广东频道, 名称: 广东卫视, 有效: 5, IPv4: 5, IPv6: 0, 最小延迟: 124 ms, 最高速率: 62.51 M/s, 平均速率: 17.77 M/s, 最高分辨率: 1920x1080, 平均帧率: 未知, 视频编解码器: 未知, 音频编解码器: 未知
分类: 🌊港·澳·台, 名称: 凤凰资讯, 有效: 1, IPv4: 1, IPv6: 0, 最小延迟: 5931 ms, 最高速率: 0.31 M/s, 平均速率: 0.31 M/s, 最高分辨率: 1280x720, 平均帧率: 未知, 视频编解码器: 未知, 音频编解码器: 未知
分类: 🌊港·澳·台, 名称: TVBS亚洲, 有效: 1, IPv4: 1, IPv6: 0, 最小延迟: 1428 ms, 最高速率: 1.19 M/s, 平均速率: 1.19 M/s, 最高分辨率: 1920x1080, 平均帧率: 未知, 视频编解码器: 未知, 音频编解码器: 未知
分类: ☘️广东频道, 名称: 大湾区卫视, 有效: 5, IPv4: 5, IPv6: 0, 最小延迟: 133 ms, 最高速率: 8.00 M/s, 平均速率: 5.98 M/s, 最高分辨率: 1920x1080, 平均帧率: 未知, 视频编解码器: 未知, 音频编解码器: 未知
分类: 🌊港·澳·台, 名称: 明珠台, 有效: 1, IPv4: 1, IPv6: 0, 最小延迟: 142 ms, 最高速率: 0.50 M/s, 平均速率: 0.50 M/s, 最高分辨率: None, 平均帧率: 未知, 视频编解码器: 未知, 音频编解码器: 未知
分类: 🌊港·澳·台, 名称: 凤凰中文, 有效: 1, IPv4: 1, IPv6: 0, 最小延迟: 267 ms, 最高速率: 0.36 M/s, 平均速率: 0.36 M/s, 最高分辨率: None, 平均帧率: 未知, 视频编解码器: 未知, 音频编解码器: 未知
